[16:32:23] [main/INFO]: Loading Minecraft 1.21.1 with Fabric Loader 0.19.5
[16:32:23] [main/INFO]: Fabric is preparing JARs on first launch, this may take a few seconds...
[16:32:24] [main/INFO]: Loading 4 mods:
	- fabricloader 0.19.5
	   \-- mixinextras 0.5.5
	- java 21
	- minecraft 1.21.1
[16:32:24] [main/INFO]: SpongePowered MIXIN Subsystem Version=0.8.7 Source=file:/C:/Users/jp/AppData/Roaming/PrismLauncher/libraries/net/fabricmc/sponge-mixin/0.17.4+mixin.0.8.7/sponge-mixin-0.17.4+mixin.0.8.7.jar Service=Knot/Fabric Env=CLIENT
[16:32:27] [Datafixer Bootstrap/INFO]: 226 Datafixer optimizations took 1116 milliseconds
[16:32:34] [Render thread/INFO]: Environment: Environment[sessionHost=https://sessionserver.mojang.com, servicesHost=https://api.minecraftservices.com, name=PROD]
[16:32:34] [Render thread/INFO]: Setting user: onlyjpheree
[16:32:35] [Render thread/INFO]: Backend library: LWJGL version 3.3.3-snapshot
[16:32:38] [Render thread/INFO]: Reloading ResourceManager: vanilla
[16:32:38] [Worker-Main-3/INFO]: Found unifont_all_no_pua-15.1.05.hex, loading
[16:32:40] [Worker-Main-3/INFO]: Found unifont_jp_patch-15.1.05.hex, loading
[16:32:42] [Render thread/WARN]: Missing sound for event: minecraft:item.goat_horn.play
[16:32:42] [Render thread/WARN]: Missing sound for event: minecraft:entity.goat.screaming.horn_break
[16:32:42] [Render thread/INFO]: OpenAL initialized on device OpenAL Soft on Speakers (High Definition Audio Device)
[16:32:42] [Render thread/INFO]: Sound engine started
[16:32:42] [Render thread/INFO]: Created: 1024x512x4 minecraft:textures/atlas/blocks.png-atlas
[16:32:42] [Render thread/INFO]: Created: 256x256x4 minecraft:textures/atlas/signs.png-atlas
[16:32:42] [Render thread/INFO]: Created: 512x512x4 minecraft:textures/atlas/banner_patterns.png-atlas
[16:32:42] [Render thread/INFO]: Created: 512x512x4 minecraft:textures/atlas/shield_patterns.png-atlas
[16:32:42] [Render thread/INFO]: Created: 1024x1024x4 minecraft:textures/atlas/armor_trims.png-atlas
[16:32:42] [Render thread/INFO]: Created: 256x256x4 minecraft:textures/atlas/chest.png-atlas
[16:32:42] [Render thread/INFO]: Created: 128x64x4 minecraft:textures/atlas/decorated_pot.png-atlas
[16:32:42] [Render thread/INFO]: Created: 512x256x4 minecraft:textures/atlas/beds.png-atlas
[16:32:42] [Render thread/INFO]: Created: 512x256x4 minecraft:textures/atlas/shulker_boxes.png-atlas
[16:32:43] [Render thread/INFO]: Created: 512x256x0 minecraft:textures/atlas/particles.png-atlas
[16:32:43] [Render thread/INFO]: Created: 512x256x0 minecraft:textures/atlas/paintings.png-atlas
[16:32:43] [Render thread/INFO]: Created: 256x128x0 minecraft:textures/atlas/mob_effects.png-atlas
[16:32:43] [Render thread/INFO]: Created: 64x64x0 minecraft:textures/atlas/map_decorations.png-atlas
[16:32:43] [Render thread/INFO]: Created: 1024x512x0 minecraft:textures/atlas/gui.png-atlas
[16:32:43] [Render thread/WARN]: Shader rendertype_entity_translucent_emissive could not find sampler named Sampler2 in the specified shader program.
[16:32:50] [Render thread/INFO]: Stopping!
